#-----------------------------------------------------------
# Webtalk v2019.1 (64-bit)
# SW Build 2552052 on Fri May 24 14:49:42 MDT 2019
# IP Build 2548770 on Fri May 24 18:01:18 MDT 2019
# Start of session at: Fri Mar 22 10:22:14 2024
# Process ID: 16560
# Current directory: C:/Users/Daneyboy/Documents/UOG/FPGA_Projects/CPU_Complete_Vivado_2019/CPU_Complete/CPU_Complete.sim/sim_1/behav/xsim
# Command line: wbtcv.exe -mode batch -source C:/Users/Daneyboy/Documents/UOG/FPGA_Projects/CPU_Complete_Vivado_2019/CPU_Complete/CPU_Complete.sim/sim_1/behav/xsim/xsim.dir/Top_tb_behav/webtalk/xsim_webtalk.tcl -notrace
# Log file: C:/Users/Daneyboy/Documents/UOG/FPGA_Projects/CPU_Complete_Vivado_2019/CPU_Complete/CPU_Complete.sim/sim_1/behav/xsim/webtalk.log
# Journal file: C:/Users/Daneyboy/Documents/UOG/FPGA_Projects/CPU_Complete_Vivado_2019/CPU_Complete/CPU_Complete.sim/sim_1/behav/xsim\webtalk.jou
#-----------------------------------------------------------
source C:/Users/Daneyboy/Documents/UOG/FPGA_Projects/CPU_Complete_Vivado_2019/CPU_Complete/CPU_Complete.sim/sim_1/behav/xsim/xsim.dir/Top_tb_behav/webtalk/xsim_webtalk.tcl -notrace
